date
当前日期: 2020/05/02 周六
输入新日期: (年月日)

time
当前时间: 14:31:53.62
输入新时间:

os version
OS 版本:          10.0.17134 暂缺 Build 17134

hardware information
Volume: \\?\Volume{35bfe3b4-4171-45c0-8087-218b56158acd}\
   Mounted at: D:\
   Extent [1]:
       Disk:   0
       Offset: 135266304
       Length: 108131254272
Volume: \\?\Volume{d74d71f3-18cf-4a96-819b-96cb67e9ec5d}\
   Mounted at: E:\
   Extent [1]:
       Disk:   0
       Offset: 108266520576
       Length: 262790971392
Volume: \\?\Volume{aeda59a3-4957-4973-9f49-bddc9238bd81}\
   Mounted at: F:\
   Extent [1]:
       Disk:   0
       Offset: 371057491968
       Length: 314572800000
Volume: \\?\Volume{dfc9c28b-78dd-45df-a084-7bcccba2f723}\
   Mounted at: G:\
   Extent [1]:
       Disk:   0
       Offset: 685630291968
       Length: 153510477824
Volume: \\?\Volume{229310db-6892-41e4-9f25-710701384681}\
   Mounted at: C:\
   Extent [1]:
       Disk:   1
       Offset: 290455552
       Length: 112426221568

uptime
系统启动时间:     2020/5/2, 14:07:35

services information
Sysinternals Autoruns v13.96 - Autostart program viewer
Copyright (C) 2002-2019 Mark Russinovich
Sysinternals - www.sysinternals.com


HKLM\System\CurrentControlSet\Control\Terminal Server\Wds\rdpwd\StartupPrograms
   rdpclip
     rdpclip
     RDP 剪贴板监视程序
     Microsoft Corporation
     10.0.17134.885
     c:\windows\system32\rdpclip.exe
     1968/10/24 6:37

HKLM\SOFTWARE\Microsoft\Windows NT\CurrentVersion\Winlogon\Userinit
   C:\Windows\system32\userinit.exe
     C:\Windows\system32\userinit.exe
     Userinit 登录应用程序
     Microsoft Corporation
     10.0.17134.1
     c:\windows\system32\userinit.exe
     2035/5/14 2:27

HKLM\SOFTWARE\Microsoft\Windows NT\CurrentVersion\Winlogon\VmApplet
   SystemPropertiesPerformance.exe
     SystemPropertiesPerformance.exe
     更改计算机性能设置
     Microsoft Corporation
     10.0.17134.1
     c:\windows\system32\systempropertiesperformance.exe
     1965/10/10 10:17

HKLM\SOFTWARE\Microsoft\Windows NT\CurrentVersion\Winlogon\Shell
   explorer.exe
     explorer.exe
     Windows 资源管理器
     Microsoft Corporation
     10.0.17134.1038
     c:\windows\explorer.exe
     2004/12/30 9:14

HKLM\SYSTEM\CurrentControlSet\Control\SafeBoot\AlternateShell
   cmd.exe
     cmd.exe
     Windows 命令处理程序
     Microsoft Corporation
     10.0.17134.1
     c:\windows\system32\cmd.exe
     1971/1/8 16:44

HKLM\SOFTWARE\Microsoft\Windows\CurrentVersion\Run
   SecurityHealth
     %ProgramFiles%\Windows Defender\MSASCuiL.exe
     Windows Defender notification icon
     Microsoft Corporation
     4.13.17134.1
     c:\program files\windows defender\msascuil.exe
     2015/10/4 11:14
   RtHDVBg_Dolby
     "C:\Program Files\Realtek\Audio\HDA\RAVBg64.exe" /FORPCEE4
     HD Audio Background Process
     Realtek Semiconductor
     1.0.0.295
     c:\program files\realtek\audio\hda\ravbg64.exe
     2018/10/12 15:32
   RtHDVBg_LENOVO_DOLBYDRAGON
     "C:\Program Files\Realtek\Audio\HDA\RAVBg64.exe" /LENOVO_DOLBYDRAGON
     HD Audio Background Process
     Realtek Semiconductor
     1.0.0.295
     c:\program files\realtek\audio\hda\ravbg64.exe
     2018/10/12 15:32
   LenovoUtility
     C:\ProgramData\Lenovo\ImController\Plugins\IdeaOSDPackage\x64\utility.exe
     Lenovo Utility
     Lenovo(beijing) Limited
     3.0.0.23
     c:\programdata\lenovo\imcontroller\plugins\ideaosdpackage\x64\utility.exe
     2017/7/21 19:14
   AdobeGCInvoker-1.0
     "C:\Program Files (x86)\Common Files\Adobe\AdobeGCClient\AGCInvokerUtility.exe"
     Adobe GC Invoker Utility
     Adobe Systems, Incorporated
     4.5.0.814
     c:\program files (x86)\common files\adobe\adobegcclient\agcinvokerutility.exe
     2018/1/5 15:49
   DAX2_APP
     C:\Program Files\Dolby\Dolby DAX2\DAX2_APP\DolbyDAX2TrayIcon.exe -Hide
     0.7.2.62
     c:\program files\dolby\dolby dax2\dax2_app\dolbydax2trayicon.exe
     2016/6/24 16:30

HKLM\SOFTWARE\Wow6432Node\Microsoft\Windows\CurrentVersion\Run
   Autodesk Desktop App
     "C:\Program Files (x86)\Autodesk\Autodesk Desktop App\AutodeskDesktopApp.exe" -tray
     Autodesk Desktop App
     Autodesk, Inc.
     7.0.7.232
     c:\program files (x86)\autodesk\autodesk desktop app\autodeskdesktopapp.exe
     2017/12/19 13:58
   Acrobat Assistant 8.0
     "C:\Program Files (x86)\Adobe\Acrobat DC\Acrobat\Acrotray.exe"
     File not found: C:\Program Files (x86)\Adobe\Acrobat DC\Acrobat\Acrotray.exe

   SunJavaUpdateSched
     "C:\Program Files (x86)\Common Files\Java\Java Update\jusched.exe"
     Java Update Scheduler
     Oracle Corporation
     2.8.251.8
     c:\program files (x86)\common files\java\java update\jusched.exe
     2020/3/12 15:51

HKLM\SOFTWARE\Microsoft\Active Setup\Installed Components
   Microsoft Windows Media Player
     %SystemRoot%\system32\unregmp2.exe /ShowWMP
     Microsoft Windows Media Player 安装实用程序
     Microsoft Corporation
     12.0.17134.1
     c:\windows\system32\unregmp2.exe
     1917/6/13 12:05
   Themes Setup
     themeui.dll
     Windows 主题 API
     Microsoft Corporation
     10.0.17134.345
     c:\windows\system32\themeui.dll
     2036/2/17 5:19
   Microsoft Windows Media Player
     %SystemRoot%\system32\unregmp2.exe /FirstLogon
     Microsoft Windows Media Player 安装实用程序
     Microsoft Corporation
     12.0.17134.1
     c:\windows\system32\unregmp2.exe
     1917/6/13 12:05
   Windows Desktop Update
     shell32.dll
     Windows Shell 公用 DLL
     Microsoft Corporation
     10.0.17134.1038
     c:\windows\system32\shell32.dll
     1990/5/22 22:27
   Web Platform Customizations
     C:\Windows\System32\ie4uinit.exe -UserConfig
     IE 每用户初始化工具
     Microsoft Corporation
     11.0.17134.799
     c:\windows\system32\ie4uinit.exe
     1911/12/24 14:15
   n/a
     C:\Windows\System32\Rundll32.exe C:\Windows\System32\mscories.dll,Install
     Microsoft .NET IE SECURITY REGISTRATION
     Microsoft Corporation
     2.0.50727.8922
     c:\windows\system32\mscories.dll
     2018/2/8 12:18

HKLM\SOFTWARE\Wow6432Node\Microsoft\Active Setup\Installed Components
   Microsoft Windows Media Player
     %SystemRoot%\system32\unregmp2.exe /ShowWMP
     Microsoft Windows Media Player 安装实用程序
     Microsoft Corporation
     12.0.17134.1
     c:\windows\syswow64\unregmp2.exe
     1982/8/12 21:03
   Microsoft Windows Media Player
     %SystemRoot%\system32\unregmp2.exe /FirstLogon
     Microsoft Windows Media Player 安装实用程序
     Microsoft Corporation
     12.0.17134.1
     c:\windows\syswow64\unregmp2.exe
     1982/8/12 21:03
   n/a
     C:\Windows\SysWOW64\Rundll32.exe C:\Windows\SysWOW64\mscories.dll,Install
     Microsoft .NET IE SECURITY REGISTRATION
     Microsoft Corporation
     2.0.50727.8922
     c:\windows\syswow64\mscories.dll
     2018/2/8 12:03

HKLM\Software\Microsoft\Windows NT\CurrentVersion\Windows\IconServiceLib
   IconCodecService.dll
     IconCodecService.dll
     Converts a PNG part of the icon to a legacy bmp icon
     Microsoft Corporation
     10.0.17134.1
     c:\windows\system32\iconcodecservice.dll
     1902/5/14 7:47

HKCU\SOFTWARE\Microsoft\Windows\CurrentVersion\Run
   ctfmon
     C:\WINDOWS\system32\ctfmon.exe
     CTF 加载程序
     Microsoft Corporation
     10.0.17134.1
     c:\windows\system32\ctfmon.exe
     1975/9/26 6:18
   OnionWormImmune
     C:\ProgramData\OnionWormImmune.exe
     OnionWormImmune
     360.cn
     1.0.0.1015
     c:\programdata\onionwormimmune.exe
     2017/5/13 23:26
   TIM
     "C:\Program Files (x86)\Tencent\TIM\Bin\TIM.exe" /background
     TIM
     Tencent
     2.3.2.21173
     c:\program files (x86)\tencent\tim\bin\tim.exe
     2019/8/21 22:15
   Autodesk Sync
     C:\Program Files\Autodesk\Autodesk Sync\AdSync.exe
     A360
     Autodesk, Inc.
     7.2.3.1800
     c:\program files\autodesk\autodesk sync\adsync.exe
     2016/2/2 22:09
   Google Update
     "C:\Users\ZiKang\AppData\Local\Google\Update\1.3.35.452\GoogleUpdateCore.exe"
     Google Update Core
     Google LLC
     1.3.35.451
     c:\users\zikang\appdata\local\google\update\1.3.35.452\googleupdatecore.exe
     2020/3/3 7:26
   Foxmail
     "D:\Program Files\Foxmail 7.2\Foxmail.exe" -min
     Foxmail 7.2
     Tencent Inc.
     7.2.14.410
     d:\program files\foxmail 7.2\foxmail.exe
     1992/6/20 6:22
   TGP
     E:\Program Files (x86)\WeGame\tgp_launcher.exe -auto_start
     File not found: E:\Program Files (x86)\WeGame\tgp_launcher.exe -auto_start.exe


C:\Users\ZiKang\AppData\Roaming\Microsoft\Windows\Start Menu\Programs\Startup
   发送至 OneNote.lnk
     C:\Users\ZiKang\AppData\Roaming\Microsoft\Windows\Start Menu\Programs\Startup\发送至 OneNote.lnk
     Send to OneNote Tool
     Microsoft Corporation
     16.0.12624.20466
     c:\program files (x86)\microsoft office\root\office16\onenotem.exe
     2020/4/14 6:30

HKCU\SOFTWARE\Microsoft\Windows\CurrentVersion\Run
   ctfmon
     C:\WINDOWS\system32\ctfmon.exe
     CTF 加载程序
     Microsoft Corporation
     10.0.17134.1
     c:\windows\system32\ctfmon.exe
     1975/9/26 6:18
   OnionWormImmune
     C:\ProgramData\OnionWormImmune.exe
     OnionWormImmune
     360.cn
     1.0.0.1015
     c:\programdata\onionwormimmune.exe
     2017/5/13 23:26
   TIM
     "C:\Program Files (x86)\Tencent\TIM\Bin\TIM.exe" /background
     TIM
     Tencent
     2.3.2.21173
     c:\program files (x86)\tencent\tim\bin\tim.exe
     2019/8/21 22:15
   Autodesk Sync
     C:\Program Files\Autodesk\Autodesk Sync\AdSync.exe
     A360
     Autodesk, Inc.
     7.2.3.1800
     c:\program files\autodesk\autodesk sync\adsync.exe
     2016/2/2 22:09
   Google Update
     "C:\Users\ZiKang\AppData\Local\Google\Update\1.3.35.452\GoogleUpdateCore.exe"
     Google Update Core
     Google LLC
     1.3.35.451
     c:\users\zikang\appdata\local\google\update\1.3.35.452\googleupdatecore.exe
     2020/3/3 7:26
   Foxmail
     "D:\Program Files\Foxmail 7.2\Foxmail.exe" -min
     Foxmail 7.2
     Tencent Inc.
     7.2.14.410
     d:\program files\foxmail 7.2\foxmail.exe
     1992/6/20 6:22
   TGP
     E:\Program Files (x86)\WeGame\tgp_launcher.exe -auto_start
     File not found: E:\Program Files (x86)\WeGame\tgp_launcher.exe -auto_start.exe


C:\Users\ZiKang\AppData\Roaming\Microsoft\Windows\Start Menu\Programs\Startup
   发送至 OneNote.lnk
     C:\Users\ZiKang\AppData\Roaming\Microsoft\Windows\Start Menu\Programs\Startup\发送至 OneNote.lnk
     Send to OneNote Tool
     Microsoft Corporation
     16.0.12624.20466
     c:\program files (x86)\microsoft office\root\office16\onenotem.exe
     2020/4/14 6:30

nic information
Windows IP 配置

   主机名  . . . . . . . . . . . . . : LAPTOP-KVG2DVNV
   主 DNS 后缀 . . . . . . . . . . . :
   节点类型  . . . . . . . . . . . . : 混合
   IP 路由已启用 . . . . . . . . . . : 否
   WINS 代理已启用 . . . . . . . . . : 否

以太网适配器 以太网:

   媒体状态  . . . . . . . . . . . . : 媒体已断开连接
   连接特定的 DNS 后缀 . . . . . . . :
   描述. . . . . . . . . . . . . . . : Realtek PCIe GBE Family Controller
   物理地址. . . . . . . . . . . . . : 54-E1-AD-26-8A-8F
   DHCP 已启用 . . . . . . . . . . . : 是
   自动配置已启用. . . . . . . . . . : 是

以太网适配器 Npcap Loopback Adapter:

   连接特定的 DNS 后缀 . . . . . . . :
   描述. . . . . . . . . . . . . . . : Npcap Loopback Adapter
   物理地址. . . . . . . . . . . . . : 02-00-4C-4F-4F-50
   DHCP 已启用 . . . . . . . . . . . : 是
   自动配置已启用. . . . . . . . . . : 是
   本地链接 IPv6 地址. . . . . . . . : fe80::15af:d15:1539:c2f6%12(首选)
   自动配置 IPv4 地址  . . . . . . . : 169.254.194.246(首选)
   子网掩码  . . . . . . . . . . . . : 255.255.0.0
   默认网关. . . . . . . . . . . . . :
   DHCPv6 IAID . . . . . . . . . . . : 1057095756
   DHCPv6 客户端 DUID  . . . . . . . : 00-01-00-01-20-BB-BA-CA-54-E1-AD-26-8A-8F
   DNS 服务器  . . . . . . . . . . . : fec0:0:0:ffff::1%1
                                       fec0:0:0:ffff::2%1
                                       fec0:0:0:ffff::3%1
   TCPIP 上的 NetBIOS  . . . . . . . : 已启用

以太网适配器 以太网 4:

   媒体状态  . . . . . . . . . . . . : 媒体已断开连接
   连接特定的 DNS 后缀 . . . . . . . :
   描述. . . . . . . . . . . . . . . : Sangfor SSL VPN CS Support System VNIC
   物理地址. . . . . . . . . . . . . : 00-FF-44-DF-F6-F9
   DHCP 已启用 . . . . . . . . . . . : 否
   自动配置已启用. . . . . . . . . . : 是

无线局域网适配器 本地连接* 2:

   媒体状态  . . . . . . . . . . . . : 媒体已断开连接
   连接特定的 DNS 后缀 . . . . . . . :
   描述. . . . . . . . . . . . . . . : Microsoft Wi-Fi Direct Virtual Adapter
   物理地址. . . . . . . . . . . . . : C8-3D-D4-ED-D9-FD
   DHCP 已启用 . . . . . . . . . . . : 是
   自动配置已启用. . . . . . . . . . : 是

无线局域网适配器 本地连接* 3:

   媒体状态  . . . . . . . . . . . . : 媒体已断开连接
   连接特定的 DNS 后缀 . . . . . . . :
   描述. . . . . . . . . . . . . . . : Microsoft Wi-Fi Direct Virtual Adapter #2
   物理地址. . . . . . . . . . . . . : CA-3D-D4-ED-D9-FD
   DHCP 已启用 . . . . . . . . . . . : 是
   自动配置已启用. . . . . . . . . . : 是

无线局域网适配器 WLAN:

   连接特定的 DNS 后缀 . . . . . . . :
   描述. . . . . . . . . . . . . . . : Realtek 8821AE Wireless LAN 802.11ac PCI-E NIC
   物理地址. . . . . . . . . . . . . : C8-3D-D4-ED-D9-FD
   DHCP 已启用 . . . . . . . . . . . : 是
   自动配置已启用. . . . . . . . . . : 是
   本地链接 IPv6 地址. . . . . . . . : fe80::9416:e6ec:5e1:2db7%13(首选)
   IPv4 地址 . . . . . . . . . . . . : 192.168.43.162(首选)
   子网掩码  . . . . . . . . . . . . : 255.255.255.0
   获得租约的时间  . . . . . . . . . : 2020年5月2日 14:10:17
   租约过期的时间  . . . . . . . . . : 2020年5月2日 15:40:17
   默认网关. . . . . . . . . . . . . : 192.168.43.71
   DHCP 服务器 . . . . . . . . . . . : 192.168.43.71
   DHCPv6 IAID . . . . . . . . . . . : 80231892
   DHCPv6 客户端 DUID  . . . . . . . : 00-01-00-01-20-BB-BA-CA-54-E1-AD-26-8A-8F
   DNS 服务器  . . . . . . . . . . . : 192.168.43.71
   TCPIP 上的 NetBIOS  . . . . . . . : 已启用

route information
===========================================================================
接口列表
 18...54 e1 ad 26 8a 8f ......Realtek PCIe GBE Family Controller
 12...02 00 4c 4f 4f 50 ......Npcap Loopback Adapter
  7...00 ff 44 df f6 f9 ......Sangfor SSL VPN CS Support System VNIC
 21...c8 3d d4 ed d9 fd ......Microsoft Wi-Fi Direct Virtual Adapter
  3...ca 3d d4 ed d9 fd ......Microsoft Wi-Fi Direct Virtual Adapter #2
 13...c8 3d d4 ed d9 fd ......Realtek 8821AE Wireless LAN 802.11ac PCI-E NIC
  1...........................Software Loopback Interface 1
===========================================================================

IPv4 路由表
===========================================================================
活动路由:
网络目标        网络掩码          网关       接口   跃点数
          0.0.0.0          0.0.0.0    192.168.43.71   192.168.43.162     55
        127.0.0.0        255.0.0.0            在链路上         127.0.0.1    331
        127.0.0.1  255.255.255.255            在链路上         127.0.0.1    331
  127.255.255.255  255.255.255.255            在链路上         127.0.0.1    331
      169.254.0.0      255.255.0.0            在链路上   169.254.194.246    281
  169.254.194.246  255.255.255.255            在链路上   169.254.194.246    281
  169.254.255.255  255.255.255.255            在链路上   169.254.194.246    281
     192.168.43.0    255.255.255.0            在链路上    192.168.43.162    311
   192.168.43.162  255.255.255.255            在链路上    192.168.43.162    311
   192.168.43.255  255.255.255.255            在链路上    192.168.43.162    311
        224.0.0.0        240.0.0.0            在链路上         127.0.0.1    331
        224.0.0.0        240.0.0.0            在链路上   169.254.194.246    281
        224.0.0.0        240.0.0.0            在链路上    192.168.43.162    311
  255.255.255.255  255.255.255.255            在链路上         127.0.0.1    331
  255.255.255.255  255.255.255.255            在链路上   169.254.194.246    281
  255.255.255.255  255.255.255.255            在链路上    192.168.43.162    311
===========================================================================
永久路由:
  无

IPv6 路由表
===========================================================================
活动路由:
 接口跃点数网络目标                网关
  1    331 ::1/128                  在链路上
 12    281 fe80::/64                在链路上
 13    311 fe80::/64                在链路上
 12    281 fe80::15af:d15:1539:c2f6/128
                                    在链路上
 13    311 fe80::9416:e6ec:5e1:2db7/128
                                    在链路上
  1    331 ff00::/8                 在链路上
 12    281 ff00::/8                 在链路上
 13    311 ff00::/8                 在链路上
===========================================================================
永久路由:
  无

arp information
接口: 169.254.194.246 --- 0xc
  Internet 地址         物理地址              类型
  169.254.255.255       ff-ff-ff-ff-ff-ff     静态
  224.0.0.22            01-00-5e-00-00-16     静态
  224.0.0.251           01-00-5e-00-00-fb     静态
  224.0.0.252           01-00-5e-00-00-fc     静态
  239.255.255.250       01-00-5e-7f-ff-fa     静态
  255.255.255.255       ff-ff-ff-ff-ff-ff     静态

接口: 192.168.43.162 --- 0xd
  Internet 地址         物理地址              类型
  192.168.43.71         94-65-2d-69-b6-f5     动态
  192.168.43.255        ff-ff-ff-ff-ff-ff     静态
  224.0.0.22            01-00-5e-00-00-16     静态
  224.0.0.251           01-00-5e-00-00-fb     静态
  224.0.0.252           01-00-5e-00-00-fc     静态
  239.255.255.250       01-00-5e-7f-ff-fa     静态
  255.255.255.255       ff-ff-ff-ff-ff-ff     静态

information of processes
Name                Pid Pri Thd  Hnd   Priv        CPU Time    Elapsed Time
Idle                  0   0   4    0     52     1:49:39.812     0:41:04.882
System                4   8 168 4754    188     0:01:51.515     0:41:04.882
Registry             96   8   3    0   4672     0:00:01.078     0:41:07.369
smss                416  11   2   52    520     0:00:00.328     0:41:04.873
csrss               672  13  12  752   1848     0:00:00.937     0:40:59.244
wininit             780  13   1  151   1312     0:00:00.015     0:40:58.496
csrss               788  13  15  721   2652     0:00:05.796     0:40:58.491
winlogon            884  13   2  245   2140     0:00:00.171     0:40:57.427
services           1008   9  10  781   5680     0:00:02.781     0:40:53.450
lsass                68   9   8 1497   7252     0:00:03.390     0:40:53.437
svchost             676   8   2   84   1000     0:00:00.015     0:40:53.057
fontdrvhost         660   8   5   44   2364     0:00:00.031     0:40:53.046
fontdrvhost         988   8   5   44  32420     0:00:04.375     0:40:53.046
svchost             940   8  21 1065  12668     0:00:04.734     0:40:53.044
WUDFHost            388   8   9  277   2028     0:00:00.031     0:40:53.028
svchost            1080   8  19 1412   9084     0:00:06.171     0:40:52.940
svchost            1124   8   6  337   3028     0:00:00.359     0:40:52.910
WUDFHost           1196   8   5  205   1704     0:00:00.000     0:40:52.872
dwm                1292  13  10  720  71520     0:00:19.984     0:40:52.811
svchost            1380   8   8  253   2380     0:00:00.218     0:40:52.745
svchost            1400   8   4  109   1404     0:00:00.015     0:40:52.743
svchost            1484   8   2  185   2168     0:00:00.109     0:40:52.718
svchost            1496   8   5  147   2116     0:00:00.078     0:40:52.717
svchost            1596   8  18  496  15820     0:00:02.187     0:40:52.686
svchost            1604   8  14  424   6756     0:00:00.875     0:40:52.685
svchost            1660   8   3  225   2512     0:00:00.187     0:40:52.669
svchost            1672   8   6  119   1572     0:00:00.031     0:40:52.665
svchost            1704   8   5  166   2012     0:00:00.015     0:40:52.656
svchost            1812   8  12  464  17552     0:00:02.468     0:40:52.617
svchost            1824   8   5  261   2444     0:00:00.359     0:40:52.615
svchost            1904   8   2  205   2196     0:00:00.093     0:40:52.580
svchost            2024   8   4  147   5672     0:00:00.265     0:40:52.507
igfxCUIService     1256   8   2  154   1808     0:00:00.015     0:40:52.487
svchost            1460   8   5  184   1692     0:00:00.031     0:40:52.487
atiesrxx           2060   8   4  142   1340     0:00:00.031     0:40:52.470
svchost            2076   8   2  125   1692     0:00:00.875     0:40:52.463
svchost            2120   8  10  220   2516     0:00:00.734     0:40:52.450
svchost            2180   8   6  181   2100     0:00:00.046     0:40:52.409
svchost            2308   8   5  225   2268     0:00:00.015     0:40:52.337
svchost            2332   8  11  386   4984     0:00:01.187     0:40:52.334
svchost            2412   8   9  411   3732     0:00:00.468     0:40:52.253
svchost            2444   8   3  227   1344     0:00:00.062     0:40:52.231
svchost            2456   8   7  216   2508     0:00:02.484     0:40:52.228
svchost            2480   8  11  444   3160     0:00:00.687     0:40:52.216
atieclxx           2488   8   7  231   2324     0:00:01.296     0:40:52.214
svchost            2556   8   4  182   1904     0:00:00.109     0:40:52.184
svchost            2564   8   5  147   1728     0:00:00.046     0:40:52.183
Memory Compression  2600   8  70    0    436     0:00:04.484     0:40:52.160
svchost            2744   8   9  313   2964     0:00:00.250     0:40:52.027
RtkAudioService64  2928   8   2  143   1440     0:00:00.015     0:40:51.896
svchost            2936   8   4  172   5372     0:00:08.671     0:40:51.893
svchost            2944   8  10  222   3068     0:00:00.687     0:40:51.893
CompatTelRunner    3000   4   1  114   1048     0:00:00.015     0:40:51.832
svchost            3064   8   4  136   1728     0:00:00.046     0:40:51.783
svchost            2108   8   6  219  27152     0:00:02.656     0:40:51.772
svchost            3080   8  14  431   3704     0:00:00.328     0:40:51.740
sihost             3324   8  11  646   6116     0:00:03.734     0:40:51.611
svchost            3348   8  10  385   8472     0:00:05.796     0:40:51.605
svchost            3376   8  10  402   5508     0:00:00.609     0:40:51.597
PresentationFontCache  3428   8   4  228  26460     0:00:00.250     0:40:51.572
svchost            3532   8   7  419   6300     0:00:00.796     0:40:51.486
svchost            3540   8   5  240   2960     0:00:00.109     0:40:51.485
spoolsv            3676   8   7  418   5372     0:00:00.156     0:40:51.418
taskhostw          3684   8   9  327  11112     0:00:00.546     0:40:51.418
wlanext            3844   8   9  154   1944     0:00:00.046     0:40:51.329
conhost            3876   8   2  113   5344     0:00:00.000     0:40:51.316
svchost            3916   8   3  158   1800     0:00:00.062     0:40:51.292
ctfmon             4016  13  12  532  12184     0:00:04.406     0:40:51.236
CAJSHost           4220   8   2  174   3344     0:00:00.093     0:40:50.998
Connect.Service.ContentService  4228   8   8  386  24076     0:00:03.109     0:40:50.997
svchost            4236   8   9  159   4212     0:00:00.062     0:40:50.997
svchost            4248   8   6  245   3776     0:00:00.328     0:40:50.993
svchost            4256   8  17  333  18872     0:00:02.625     0:40:50.993
ETDService         4276   8   2  113   1152     0:00:00.015     0:40:50.989
svchost            4284   8  14  326   5232     0:00:00.109     0:40:50.987
IntelCpHDCPSvc     4292   8   3  136   1448     0:00:00.000     0:40:50.986
AdAppMgrSvc        4300   8   8  440   6256     0:00:00.421     0:40:50.985
igfxEM             4312   8   7  524   6616     0:00:02.375     0:40:50.983
OfficeClickToRun   4324   8  21  730  29784     0:00:01.406     0:40:50.977
FlashHelperService  4332   8  23  998  10392     0:00:00.765     0:40:50.976
svchost            4368   8   6  234   2608     0:00:00.218     0:40:50.965
svchost            4420   8  17  416   8076     0:00:02.078     0:40:50.951
Lenovo.Modern.ImController  4432   8  44 1089  40760     0:00:02.281     0:40:50.950
IpOverUsbSvc       4484   8   6  300  10416     0:00:00.125     0:40:50.933
sqlservr           4524   8  30  501  42124     0:00:00.375     0:40:50.918
hMailServer        4532   8  68  439  17400     0:00:00.843     0:40:50.918
pcas               4568   8   6  422   6276     0:00:14.984     0:40:50.895
svchost            4592   8   7  206   2492     0:00:00.109     0:40:50.889
QQProtect          4620   8  22  602  21552     0:00:01.234     0:40:50.882
svchost            4628   8   2  122   1644     0:00:00.000     0:40:50.880
RtkBtManServ       4664   8   2 1555   1716     0:00:00.140     0:40:50.873
SangforPromoteService  4744   8  12  354   5776     0:00:00.843     0:40:50.847
secbizsrv          4780   8   9  266   4924     0:00:15.656     0:40:50.824
svchost            4860   8   5  166   1952     0:00:00.078     0:40:50.802
sqlwriter          4868   8   2  127   1880     0:00:00.093     0:40:50.795
SecurityHealthService  4884   8   8  367   3856     0:00:00.140     0:40:50.779
svchost            4896   8  16  214   4688     0:00:00.109     0:40:50.757
svchost            4904   8   3  154   1340     0:00:00.031     0:40:50.754
wwbizsrv           4920   8   7  233   8056     0:00:01.265     0:40:50.751
MsMpEng            4936   8  29  698 213812     0:01:33.812     0:40:50.747
ETDCtrl            5100  10  14  519   8452     0:00:00.296     0:40:50.633
svchost            5176   8   7  456   3404     0:00:00.531     0:40:50.528
svchost            5264   8   3  100   1376     0:00:00.031     0:40:50.494
conhost            5300   6   4  145   5652     0:00:00.031     0:40:50.446
svchost            5464   8  14  369   3460     0:00:00.125     0:40:50.358
IntelCpHeciSvc     5596   8   3  124   1372     0:00:00.000     0:40:50.275
ChsIME             5772   8   2  147   1652     0:00:00.031     0:40:50.180
ECAgent            5864   8  14  422   8256     0:00:02.093     0:40:50.137
svchost            5900   8   4  178   1728     0:00:00.046     0:40:50.103
svchost            6756   8   4  145   1788     0:00:00.156     0:40:49.181
explorer           7116   8  97 3537  98192     0:00:49.609     0:40:48.585
svchost            7500   8   2  211   2140     0:00:00.140     0:40:47.628
ETDCtrlHelper      7788  10   1  137   3000     0:00:00.046     0:40:47.000
svchost            7924   8   6  263   3480     0:00:02.703     0:40:46.641
ShellExperienceHost  8048   8  43 1010  37844     0:00:01.765     0:40:46.376
SearchUI           8160   8  52 1385 102112     0:00:06.906     0:40:46.018
RuntimeBroker      8376   8  21  579  10184     0:00:04.718     0:40:45.565
dllhost            8416   8   2  111   1416     0:00:00.062     0:40:45.475
RuntimeBroker      8472   8  22  462   7884     0:00:00.390     0:40:45.373
SearchIndexer      8888   8  19  887  29064     0:00:01.156     0:40:44.564
svchost            8928   8   7  270   3588     0:00:00.078     0:40:44.500
NisSrv             9036   8   8  199   7008     0:00:00.656     0:40:44.416
SettingSyncHost    8276   6   4  538   8884     0:00:02.421     0:40:44.199
svchost            9332   8   5  168   2244     0:00:00.093     0:40:43.787
RemindersServer    9496   8  11  336   8056     0:00:00.328     0:40:43.666
SkypeBackgroundHost  9580   8   3  166   2012     0:00:00.046     0:40:43.622
RuntimeBroker      9660   8   7  403   4952     0:00:03.171     0:40:43.489
DsmUserTask        9928   8   3  147   1948     0:00:00.015     0:40:43.163
svchost            9816   8   6  509   6204     0:00:00.671     0:40:41.581
svchost            1876   8  10  351   4748     0:00:00.218     0:40:41.453
dllhost            4836   8   4  190   3444     0:00:00.031     0:40:40.320
RadeonSettings    10408   8  11  740 150496     0:00:03.484     0:40:39.925
aliwssv           10680   8   3  194   4420     0:00:00.250     0:40:38.733
conhost           10692   8   2  115   5444     0:00:00.015     0:40:38.728
SGTool            11028   8   1  208   5348     0:00:00.140     0:40:37.598
WindowsInternal.ComposableShell.Experiences.TextInput.InputApp 11080   8  24  799  16348     0:00:00.765     0:40:37.507
MSASCuiL          10536   8   1  155   1960     0:00:00.031     0:40:34.394
RAVBg64            7624   8   4  306   6164     0:00:00.109     0:40:33.938
RAVBg64           11352   8   4  305   6160     0:00:00.062     0:40:33.377
utility           11392   8   3  197   2292     0:00:00.078     0:40:32.939
DolbyDAX2TrayIcon 11444   8   2  160   3928     0:00:00.062     0:40:32.034
OnionWormImmune   11572   8   1  124   1144     0:00:00.031     0:40:31.224
SystemSettingsBroker 11872   8  20  463   7156     0:00:00.343     0:40:29.248
SogouImeBroker    12032   8   3  282   5888     0:00:00.093     0:40:28.994
svchost           12228   8   6  203   2060     0:00:00.093     0:40:28.655
Foxmail           11724   8  30  955  33772     0:00:01.859     0:40:25.398
AutodeskDesktopApp 12084   8  11  490   6844     0:00:00.578     0:40:24.757
AcWebBrowser       8320   8  27  727  26980     0:01:13.015     0:40:24.545
jusched           11768   8   1  155   1468     0:00:00.015     0:40:23.537
AcWebBrowser       6612   8   7  377  58780     0:04:39.406     0:40:22.865
AcWebBrowser       1444   8  12  361  68556     0:16:26.328     0:40:22.423
RAVCpl64          12696   6   6  348   4164     0:00:00.265     0:40:20.856
svchost           12844   8   7  202   4244     0:00:00.140     0:40:19.671
Foxmail           12932   8  11  289  32840     0:00:02.218     0:40:18.406
svchost           13124   8   4  155   1860     0:00:00.046     0:40:07.880
Foxmail           10620   8   9  278  20936     0:00:00.156     0:39:39.911
aesm_service       4716   8   3  152   1996     0:00:00.031     0:38:43.253
svchost           12608   8   9  221   2328     0:00:00.187     0:38:43.053
DolbyDAX2API       4892   8   7  382  32688     0:00:00.937     0:38:42.948
sedsvc            11560   8   6  260   4572     0:00:00.187     0:38:42.558
SgrmBroker        12824   8   2   65   2708     0:00:00.156     0:38:42.412
svchost            6928   8  11  383   5372     0:00:01.343     0:38:41.442
svchost            8560   8   9  385   4736     0:00:00.265     0:38:41.060
svchost            6884   8   6  193   2284     0:00:00.062     0:38:40.919
wmpnetwk           7688   8   8  512   6960     0:00:00.265     0:38:40.775
svchost            9132   8   5  195   2704     0:00:00.062     0:38:40.410
WmiPrvSE           9696   8   3  155   2860     0:00:00.125     0:38:40.370
svchost           10300   8   3  181   2096     0:00:00.078     0:38:25.479
dasHost           12252   8   3  360   4364     0:00:00.171     0:38:25.191
svchost           11612   8  13  513  10948     0:00:01.156     0:38:23.378
SkypeApp          10564   8  43 1160 210672     0:00:12.890     0:38:23.297
CompatTelRunner   11044   4  16  439  80348     0:01:08.484     0:38:22.863
RuntimeBroker     10064   8   4  325   5656     0:00:00.765     0:38:20.165
SkypeBridge        9880   8  16  731  45712     0:00:03.031     0:38:16.455
taskhostw         14000   6   8  491  20492     0:00:01.062     0:37:52.036
svchost            1312   8   3  211   2340     0:00:00.203     0:37:51.280
svchost           13388   8  10  341   4240     0:00:00.296     0:37:20.222
Lenovo.Modern.ImController.PluginHost.Device  6848   8  14  734  42180     0:00:04.859     0:35:46.017
chrome             3580   8  34 1395  75368     0:00:17.640     0:35:03.586
chrome            13168   8   6  132   1596     0:00:00.046     0:35:03.326
chrome            10488   8   2  131   1960     0:00:00.031     0:35:02.957
SogouCloud         4820   8  46  711  43632     0:00:07.875     0:35:02.785
chrome            10044  10  12  578  98976     0:00:15.234     0:35:02.735
chrome            14188   8  11  471  21892     0:00:04.578     0:35:02.726
chrome            13532   4  13  321  47240     0:00:04.234     0:35:02.395
v2rayN            13660   8   7  473  38872     0:00:00.906     0:34:48.564
wv2ray             5400   8  11  242   9104     0:00:00.390     0:34:46.599
v2ray_privoxy      2420   8   3  175   4092     0:00:00.125     0:34:46.263
chrome            14260   8   9  202  15488     0:00:00.812     0:34:45.876
cmd               10208   8   1   50   2396     0:00:00.046     0:32:43.450
conhost            9188   8   6  322  11720     0:00:02.421     0:32:43.443
ApplicationFrameHost  1588   8   3  365   9872     0:00:00.343     0:30:56.328
LsfHelper          6844   6   2  143   2064     0:00:00.125     0:30:51.197
Lsf                4636   6   1  210   2680     0:00:00.078     0:30:51.076
Locator           13920   8   2   39    612     0:00:00.000     0:30:50.913
WmiApSrv           9400   8   2  131   1384     0:00:00.015     0:30:49.305
MpCmdRun           4244   8   4  155   2248     0:00:00.015     0:30:44.615
MpCmdRun          11092   8   5  205   2488     0:00:00.000     0:30:44.584
conhost           11644   8   4  145   5648     0:00:00.015     0:30:44.581
chrome            11652   4  13  211  12324     0:00:00.078     0:28:16.883
dllhost            9372   8   2  152   1944     0:00:00.109     0:27:35.160
TIM               14340   8  67 1544 146504     0:00:32.265     0:27:31.720
TXPlatform        14584   8   3  198   4008     0:00:00.062     0:27:30.877
Heinote           14936   8   7  406  14568     0:00:03.062     0:17:55.352
WmiPrvSE           4204   8  11  208   3956     0:00:00.031     0:00:43.696
pslist             5060  13   4  249   3512     0:00:00.250     0:00:00.183
